// Jest Snapshot v1, https://goo.gl/fbAQLP

exports[`dir parsing snapshot smoke test 1`] = `
Array [
  Object {
    "handlers": Array [
      Object {
        "current": true,
        "handlerId": "r1h1",
        "handlerType": "static",
        "isDefaultHandler": false,
        "method": "GET",
        "mimeType": "application/json",
        "name": "maintenance.200.json",
        "path": "/Users/runeh/Dropbox/prosjekter/mockumental/test/fixture-tree/maintenance.200.json",
        "prettyName": "maintenance",
        "proxyUrl": null,
        "routeId": "r1",
        "status": 200,
        "type": "json",
      },
      Object {
        "current": false,
        "handlerId": "r1h2",
        "handlerType": "static",
        "isDefaultHandler": false,
        "method": "GET",
        "mimeType": "application/json",
        "name": "ok.json",
        "path": "/Users/runeh/Dropbox/prosjekter/mockumental/test/fixture-tree/ok.json",
        "prettyName": "ok",
        "proxyUrl": null,
        "routeId": "r1",
        "status": 200,
        "type": "json",
      },
    ],
    "method": "GET",
    "path": "/",
    "routeId": "r1",
  },
]
`;
