// Jest Snapshot v1, https://goo.gl/fbAQLP

exports[`dir parsing snapshot smoke test 1`] = `
[
    {
        "handlers": [
            {
                "current": true,
                "delay": 0,
                "extension": "json",
                "handlerId": "r1h1",
                "handlerType": "static",
                "isDefaultHandler": false,
                "method": "GET",
                "mimeType": "application/json",
                "name": "maintenance.200.json",
                "path": "/fixture-tree/maintenance.200.json",
                "prettyName": "maintenance",
                "proxyUrl": null,
                "relPath": "/maintenance.200.json",
                "routeId": "r1",
                "status": 200
            },
            {
                "current": false,
                "delay": 0,
                "extension": "json",
                "handlerId": "r1h2",
                "handlerType": "static",
                "isDefaultHandler": false,
                "method": "GET",
                "mimeType": "application/json",
                "name": "ok.json",
                "path": "/fixture-tree/ok.json",
                "prettyName": "ok",
                "proxyUrl": null,
                "relPath": "/ok.json",
                "routeId": "r1",
                "status": 200
            }
        ],
        "method": "GET",
        "path": "/",
        "routeId": "r1"
    },
    {
        "handlers": [
            {
                "current": true,
                "delay": 0,
                "extension": null,
                "handlerId": "r2h1",
                "handlerType": "proxy",
                "isDefaultHandler": false,
                "method": "GET",
                "mimeType": false,
                "name": "echo.proxy",
                "path": "/fixture-tree/echo/echo.proxy",
                "prettyName": "echo",
                "proxyUrl": "http://httpbin.org/get",
                "relPath": "/echo/echo.proxy",
                "routeId": "r2",
                "status": 200
            }
        ],
        "method": "GET",
        "path": "/echo",
        "routeId": "r2"
    },
    {
        "handlers": [
            {
                "current": true,
                "delay": 0,
                "extension": "json",
                "handlerId": "myuser",
                "handlerType": "static",
                "isDefaultHandler": false,
                "method": "GET",
                "mimeType": "application/json",
                "name": "found-my-user.hid-myuser.200.json",
                "path": "/fixture-tree/user/found-my-user.hid-myuser.200.json",
                "prettyName": "found my user",
                "proxyUrl": null,
                "relPath": "/user/found-my-user.hid-myuser.200.json",
                "routeId": "r3",
                "status": 200
            },
            {
                "current": false,
                "delay": 500,
                "extension": "json",
                "handlerId": "r3h1",
                "handlerType": "static",
                "isDefaultHandler": false,
                "method": "GET",
                "mimeType": "application/json",
                "name": "found-slow.delay-500.json",
                "path": "/fixture-tree/user/found-slow.delay-500.json",
                "prettyName": "found slow",
                "proxyUrl": null,
                "relPath": "/user/found-slow.delay-500.json",
                "routeId": "r3",
                "status": 200
            },
            {
                "current": false,
                "delay": 0,
                "extension": "json",
                "handlerId": "r3h2",
                "handlerType": "static",
                "isDefaultHandler": false,
                "method": "GET",
                "mimeType": "application/json",
                "name": "found.json",
                "path": "/fixture-tree/user/found.json",
                "prettyName": "found",
                "proxyUrl": null,
                "relPath": "/user/found.json",
                "routeId": "r3",
                "status": 200
            },
            {
                "current": false,
                "delay": 0,
                "extension": "json",
                "handlerId": "r3h3",
                "handlerType": "static",
                "isDefaultHandler": false,
                "method": "GET",
                "mimeType": "application/json",
                "name": "not-found.404.json",
                "path": "/fixture-tree/user/not-found.404.json",
                "prettyName": "not found",
                "proxyUrl": null,
                "relPath": "/user/not-found.404.json",
                "routeId": "r3",
                "status": 404
            }
        ],
        "method": "GET",
        "path": "/user",
        "routeId": "r3"
    },
    {
        "handlers": [
            {
                "current": true,
                "delay": 0,
                "extension": "json",
                "handlerId": "r4h4",
                "handlerType": "static",
                "isDefaultHandler": false,
                "method": "POST",
                "mimeType": "application/json",
                "name": "update.POST.json",
                "path": "/fixture-tree/user/update.POST.json",
                "prettyName": "update",
                "proxyUrl": null,
                "relPath": "/user/update.POST.json",
                "routeId": "r4",
                "status": 200
            }
        ],
        "method": "POST",
        "path": "/user",
        "routeId": "r4"
    },
    {
        "handlers": [
            {
                "current": true,
                "delay": 0,
                "extension": "json",
                "handlerId": "r5h1",
                "handlerType": "static",
                "isDefaultHandler": false,
                "method": "GET",
                "mimeType": "application/json",
                "name": "cars.json",
                "path": "/fixture-tree/MARKET/cars.json",
                "prettyName": "cars",
                "proxyUrl": null,
                "relPath": "/MARKET/cars.json",
                "routeId": "r5",
                "status": 200
            },
            {
                "current": false,
                "delay": 0,
                "extension": "json",
                "handlerId": "r5h2",
                "handlerType": "static",
                "isDefaultHandler": false,
                "method": "GET",
                "mimeType": "application/json",
                "name": "jobs.json.static",
                "path": "/fixture-tree/MARKET/jobs.json.static",
                "prettyName": "jobs",
                "proxyUrl": null,
                "relPath": "/MARKET/jobs.json.static",
                "routeId": "r5",
                "status": 200
            },
            {
                "current": false,
                "delay": 0,
                "extension": "json",
                "handlerId": "r5h3",
                "handlerType": "static",
                "isDefaultHandler": false,
                "method": "GET",
                "mimeType": "application/json",
                "name": "realestate.json",
                "path": "/fixture-tree/MARKET/realestate.json",
                "prettyName": "realestate",
                "proxyUrl": null,
                "relPath": "/MARKET/realestate.json",
                "routeId": "r5",
                "status": 200
            }
        ],
        "method": "GET",
        "path": "/:market",
        "routeId": "r5"
    }
]
`;
